../Core/Src/lcd_driver.c:24:6:HD44780_Init	16	static
../Core/Src/lcd_driver.c:75:6:HD44780_Clear	8	static
../Core/Src/lcd_driver.c:80:6:HD44780_Home	8	static
../Core/Src/lcd_driver.c:85:6:HD44780_SetCursor	40	static
../Core/Src/lcd_driver.c:93:6:HD44780_NoDisplay	8	static
../Core/Src/lcd_driver.c:98:6:HD44780_Display	8	static
../Core/Src/lcd_driver.c:103:6:HD44780_NoCursor	8	static
../Core/Src/lcd_driver.c:108:6:HD44780_Cursor	8	static
../Core/Src/lcd_driver.c:113:6:HD44780_NoBlink	8	static
../Core/Src/lcd_driver.c:118:6:HD44780_Blink	8	static
../Core/Src/lcd_driver.c:123:6:HD44780_ScrollDisplayLeft	8	static
../Core/Src/lcd_driver.c:127:6:HD44780_ScrollDisplayRight	8	static
../Core/Src/lcd_driver.c:131:6:HD44780_LeftToRight	8	static
../Core/Src/lcd_driver.c:136:6:HD44780_RightToLeft	8	static
../Core/Src/lcd_driver.c:141:6:HD44780_AutoScroll	8	static
../Core/Src/lcd_driver.c:146:6:HD44780_NoAutoScroll	8	static
../Core/Src/lcd_driver.c:151:6:HD44780_CreateSpecialChar	24	static
../Core/Src/lcd_driver.c:159:6:HD44780_PrintSpecialChar	16	static
../Core/Src/lcd_driver.c:163:6:HD44780_LoadCustomCharacter	16	static
../Core/Src/lcd_driver.c:167:6:HD44780_PrintStr	16	static
../Core/Src/lcd_driver.c:172:6:HD44780_SetBacklight	16	static
../Core/Src/lcd_driver.c:179:6:HD44780_NoBacklight	8	static
../Core/Src/lcd_driver.c:184:6:HD44780_Backlight	8	static
../Core/Src/lcd_driver.c:189:13:SendCommand	16	static
../Core/Src/lcd_driver.c:193:13:SendChar	16	static
../Core/Src/lcd_driver.c:197:13:Send	24	static
../Core/Src/lcd_driver.c:204:13:Write4Bits	16	static
../Core/Src/lcd_driver.c:209:13:ExpanderWrite	32	static
../Core/Src/lcd_driver.c:214:13:PulseEnable	16	static
../Core/Src/lcd_driver.c:222:13:DelayInit	4	static,ignoring_inline_asm
../Core/Src/lcd_driver.c:237:13:DelayUS	32	static
