../Core/Src/main.c:144:6:CAN_Transmit	24	static
../Core/Src/main.c:160:6:HAL_CAN_RxFifo0MsgPendingCallback	24	static
../Core/Src/main.c:181:6:HAL_TIM_PeriodElapsedCallback	24	static
../Core/Src/main.c:315:5:main	8	static
../Core/Src/main.c:397:6:SystemClock_Config	88	static
../Core/Src/main.c:444:13:MX_ADC1_Init	24	static
../Core/Src/main.c:491:13:MX_CAN_Init	48	static
../Core/Src/main.c:543:13:MX_I2C1_Init	8	static
../Core/Src/main.c:577:13:MX_TIM3_Init	32	static
../Core/Src/main.c:622:13:MX_TIM4_Init	32	static
../Core/Src/main.c:667:13:MX_GPIO_Init	40	static
../Core/Src/main.c:715:6:Error_Handler	4	static,ignoring_inline_asm
